copy_proc_mem: Failed to copy zfunc; err=Bad address raddr=0x300000000 size=164
copy_proc_mem: Failed to copy zfunc; err=Bad address raddr=0x20000010a size=164
copy_proc_mem: Failed to copy zfunc; err=Bad address raddr=0x559f00000001 size=164
copy_proc_mem: Failed to copy zfunc; err=Bad address raddr=0x10a size=164
copy_proc_mem: Failed to copy zfunc; err=Bad address raddr=0x559f00000000 size=164
copy_proc_mem: Failed to copy zfunc; err=Bad address raddr=0x1 size=164
copy_proc_mem: Not copying zfunc; raddr is NULL
copy_proc_mem: Not copying zfunc; raddr is NULL
copy_proc_mem: Failed to copy zfunc; err=Bad address raddr=0x559f00000002 size=164
copy_proc_mem: Failed to copy zfunc; err=Bad address raddr=0x4 size=164
copy_proc_mem: Failed to copy zfunc; err=Bad address raddr=0x308 size=164
copy_proc_mem: Failed to copy zfunc; err=Bad address raddr=0x100000000 size=164
copy_proc_mem: Failed to copy zfunc; err=Bad address raddr=0x559f00000106 size=164
copy_proc_mem: Failed to copy zfunc; err=Bad address raddr=0x559f00000006 size=164
copy_proc_mem: Failed to copy zfunc; err=Bad address raddr=0x559f00000106 size=164
copy_proc_mem: Failed to copy zfunc; err=Bad address raddr=0x200000000 size=164
copy_proc_mem: Failed to copy class_name; err=Bad address raddr=0x8a08b4c10478b48 size=25
copy_proc_mem: Not copying zfunc; raddr is NULL
copy_proc_mem: Failed to copy zfunc; err=Bad address raddr=0x2 size=164
copy_proc_mem: Failed to copy execute_data; err=Bad address raddr=0x2 size=64
copy_proc_mem: Not copying zfunc; raddr is NULL
copy_proc_mem: Not copying zfunc; raddr is NULL
copy_proc_mem: Failed to copy zfunc; err=Bad address raddr=0x559f00000001 size=164
copy_proc_mem: Failed to copy zfunc; err=Bad address raddr=0x4 size=164
copy_proc_mem: Failed to copy zfunc; err=Bad address raddr=0x559f00000004 size=164
copy_proc_mem: Not copying zfunc; raddr is NULL
copy_proc_mem: Not copying zfunc; raddr is NULL
copy_proc_mem: Failed to copy zfunc; err=Bad address raddr=0x559f00000106 size=164
copy_proc_mem: Not copying zfunc; raddr is NULL
copy_proc_mem: Failed to copy zfunc; err=Bad address raddr=0x10a size=164
copy_proc_mem: Not copying zfunc; raddr is NULL
copy_proc_mem: Failed to copy execute_data; err=Bad address raddr=0x2 size=64
copy_proc_mem: Failed to copy zfunc; err=Bad address raddr=0x3a3f73707474687c size=164
copy_proc_mem: Failed to copy zfunc; err=Bad address raddr=0x100000001 size=164
copy_proc_mem: Failed to copy zfunc; err=Bad address raddr=0x307 size=164
copy_proc_mem: Failed to copy zfunc; err=Bad address raddr=0x7 size=164
copy_proc_mem: Failed to copy zfunc; err=Bad address raddr=0x4 size=164
copy_proc_mem: Failed to copy zfunc; err=Bad address raddr=0x559f00000000 size=164
copy_proc_mem: Not copying zfunc; raddr is NULL
copy_proc_mem: Failed to copy zfunc; err=Bad address raddr=0x200308 size=164
copy_proc_mem: Not copying zfunc; raddr is NULL
copy_proc_mem: Failed to copy zfunc; err=Bad address raddr=0x200000000 size=164
copy_proc_mem: Failed to copy zfunc; err=Bad address raddr=0x559f00000000 size=164
copy_proc_mem: Not copying zfunc; raddr is NULL
copy_proc_mem: Not copying zfunc; raddr is NULL
copy_proc_mem: Failed to copy zfunc; err=Bad address raddr=0x559f00000006 size=164
copy_proc_mem: Failed to copy zfunc; err=Bad address raddr=0x200200308 size=164
copy_proc_mem: Failed to copy zfunc; err=Bad address raddr=0x559f00000000 size=164
copy_proc_mem: Failed to copy zfunc; err=Bad address raddr=0x7 size=164
copy_proc_mem: Failed to copy zfunc; err=Bad address raddr=0x300000000 size=164
copy_proc_mem: Not copying class_name; raddr is NULL
copy_proc_mem: Not copying zfunc; raddr is NULL
copy_proc_mem: Failed to copy zfunc; err=Bad address raddr=0x2 size=164
copy_proc_mem: Failed to copy zfunc; err=Bad address raddr=0x100000001 size=164
copy_proc_mem: Failed to copy zfunc; err=Bad address raddr=0x559f00000006 size=164
copy_proc_mem: Failed to copy zfunc; err=Bad address raddr=0x559f00000307 size=164
copy_proc_mem: Failed to copy zfunc; err=Bad address raddr=0x4 size=164
copy_proc_mem: Failed to copy zfunc; err=Bad address raddr=0x559f00000106 size=164
copy_proc_mem: Failed to copy zfunc; err=Bad address raddr=0x200000000 size=164
copy_proc_mem: Failed to copy zfunc; err=Bad address raddr=0x79726575715f7077 size=164
copy_proc_mem: Failed to copy zfunc; err=Bad address raddr=0x559f00000001 size=164
copy_proc_mem: Not copying zfunc; raddr is NULL
copy_proc_mem: Failed to copy zfunc; err=Bad address raddr=0x400008300000017 size=164
copy_proc_mem: Failed to copy zfunc; err=Bad address raddr=0x559f00000001 size=164
copy_proc_mem: Failed to copy zfunc; err=Bad address raddr=0x100000001 size=164
copy_proc_mem: Not copying zfunc; raddr is NULL
copy_proc_mem: Failed to copy zfunc; err=Bad address raddr=0x307 size=164
copy_proc_mem: Failed to copy zfunc; err=Bad address raddr=0x100000007 size=164
copy_proc_mem: Not copying zfunc; raddr is NULL
copy_proc_mem: Failed to copy zfunc; err=Bad address raddr=0x2 size=164
copy_proc_mem: Not copying zfunc; raddr is NULL
copy_proc_mem: Failed to copy zfunc; err=Bad address raddr=0x559f00000007 size=164
copy_proc_mem: Failed to copy zfunc; err=Bad address raddr=0x559f00000004 size=164
copy_proc_mem: Failed to copy zfunc; err=Bad address raddr=0x100000308 size=164
copy_proc_mem: Failed to copy zfunc; err=Bad address raddr=0x3 size=164
copy_proc_mem: Failed to copy zfunc; err=Bad address raddr=0x559f0000010a size=164
copy_proc_mem: Failed to copy zfunc; err=Bad address raddr=0x200000002 size=164
copy_proc_mem: Failed to copy zfunc; err=Bad address raddr=0x559f00000000 size=164
copy_proc_mem: Failed to copy zfunc; err=Bad address raddr=0x3 size=164
copy_proc_mem: Failed to copy zfunc; err=Bad address raddr=0x307 size=164
copy_proc_mem: Failed to copy zfunc; err=Bad address raddr=0x200000000 size=164
copy_proc_mem: Failed to copy zfunc; err=Bad address raddr=0x559f00000106 size=164
copy_proc_mem: Failed to copy zfunc; err=Bad address raddr=0x307 size=164
copy_proc_mem: Failed to copy zfunc; err=Bad address raddr=0x559f00000106 size=164
copy_proc_mem: Failed to copy zfunc; err=Bad address raddr=0x6 size=164
copy_proc_mem: Failed to copy zfunc; err=Bad address raddr=0x559f00000307 size=164
copy_proc_mem: Not copying zfunc; raddr is NULL
copy_proc_mem: Failed to copy zfunc; err=Bad address raddr=0x307 size=164
copy_proc_mem: Failed to copy zfunc; err=Bad address raddr=0x200000004 size=164
copy_proc_mem: Failed to copy zfunc; err=Bad address raddr=0xc size=164
copy_proc_mem: Not copying zfunc; raddr is NULL
copy_proc_mem: Failed to copy zfunc; err=Bad address raddr=0x307 size=164
copy_proc_mem: Failed to copy zfunc; err=Bad address raddr=0x559f00000000 size=164
copy_proc_mem: Failed to copy zfunc; err=Bad address raddr=0x559f00000004 size=164
copy_proc_mem: Failed to copy zfunc; err=Bad address raddr=0x4 size=164
copy_proc_mem: Failed to copy zfunc; err=Bad address raddr=0x110308 size=164
copy_proc_mem: Failed to copy zfunc; err=Bad address raddr=0x100000000 size=164
copy_proc_mem: Failed to copy zfunc; err=Bad address raddr=0x559f00000006 size=164
copy_proc_mem: Failed to copy zfunc; err=Bad address raddr=0x200000106 size=164
copy_proc_mem: Failed to copy zfunc; err=Bad address raddr=0x200000106 size=164
copy_proc_mem: Not copying zfunc; raddr is NULL
copy_proc_mem: Failed to copy zfunc; err=Bad address raddr=0x4 size=164
copy_proc_mem: Failed to copy zfunc; err=Bad address raddr=0x559f0000000c size=164
copy_proc_mem: Not copying zfunc; raddr is NULL
copy_proc_mem: Failed to copy zfunc; err=Bad address raddr=0x100000001 size=164
copy_proc_mem: Failed to copy zfunc; err=Bad address raddr=0x200000000 size=164
copy_proc_mem: Failed to copy zfunc; err=Bad address raddr=0x200000106 size=164
copy_proc_mem: Failed to copy zfunc; err=Bad address raddr=0x400000004 size=164
copy_proc_mem: Failed to copy zfunc; err=Bad address raddr=0x200000308 size=164
copy_proc_mem: Failed to copy zfunc; err=Bad address raddr=0x559f00000000 size=164
copy_proc_mem: Failed to copy zfunc; err=Bad address raddr=0x200280308 size=164
copy_proc_mem: Failed to copy zfunc; err=Bad address raddr=0x106 size=164
copy_proc_mem: Failed to copy zfunc; err=Bad address raddr=0x559f00000000 size=164
copy_proc_mem: Failed to copy zfunc; err=Bad address raddr=0x100000308 size=164
copy_proc_mem: Failed to copy zfunc; err=Bad address raddr=0x400000000 size=164
copy_proc_mem: Not copying zfunc; raddr is NULL
copy_proc_mem: Failed to copy zfunc; err=Bad address raddr=0x10a size=164
copy_proc_mem: Failed to copy zfunc; err=Bad address raddr=0x559f00000001 size=164
copy_proc_mem: Failed to copy zfunc; err=Bad address raddr=0x500000005 size=164
copy_proc_mem: Not copying zfunc; raddr is NULL
copy_proc_mem: Not copying zfunc; raddr is NULL
copy_proc_mem: Not copying zfunc; raddr is NULL
copy_proc_mem: Failed to copy zfunc; err=Bad address raddr=0x559f00000004 size=164
copy_proc_mem: Not copying zfunc; raddr is NULL
copy_proc_mem: Failed to copy zfunc; err=Bad address raddr=0x559f00000000 size=164
copy_proc_mem: Failed to copy zfunc; err=Bad address raddr=0x559f00000000 size=164
copy_proc_mem: Failed to copy zfunc; err=Bad address raddr=0x100000307 size=164
copy_proc_mem: Not copying zfunc; raddr is NULL
copy_proc_mem: Failed to copy zfunc; err=Bad address raddr=0x559f00000001 size=164
copy_proc_mem: Failed to copy zfunc; err=Bad address raddr=0x4 size=164
copy_proc_mem: Failed to copy zfunc; err=Bad address raddr=0x6 size=164
copy_proc_mem: Failed to copy zfunc; err=Bad address raddr=0x6 size=164
copy_proc_mem: Failed to copy zfunc; err=Bad address raddr=0x559f00000007 size=164
copy_proc_mem: Failed to copy zfunc; err=Bad address raddr=0x656c790023 size=164
copy_proc_mem: Failed to copy zfunc; err=Bad address raddr=0x7777772f7261762f size=164
copy_proc_mem: Not copying zfunc; raddr is NULL
copy_proc_mem: Failed to copy zfunc; err=Bad address raddr=0x559f00000002 size=164
copy_proc_mem: Failed to copy zfunc; err=Bad address raddr=0x3 size=164
copy_proc_mem: Failed to copy zfunc; err=Bad address raddr=0x6 size=164
copy_proc_mem: Failed to copy zfunc; err=Bad address raddr=0x307 size=164
copy_proc_mem: Not copying zfunc; raddr is NULL
copy_proc_mem: Failed to copy zce; err=Bad address raddr=0x1a7 size=16
copy_proc_mem: Failed to copy zfunc; err=Bad address raddr=0x106 size=164
copy_proc_mem: Failed to copy zfunc; err=Bad address raddr=0x559f00000000 size=164
copy_proc_mem: Failed to copy zfunc; err=Bad address raddr=0x6b636f6c622d7077 size=164
copy_proc_mem: Failed to copy zfunc; err=Bad address raddr=0x4000144000001ed size=164
copy_proc_mem: Failed to copy zfunc; err=Bad address raddr=0x7 size=164
copy_proc_mem: Failed to copy zfunc; err=Bad address raddr=0x106 size=164
copy_proc_mem: Failed to copy zfunc; err=Bad address raddr=0x7 size=164
copy_proc_mem: Failed to copy zfunc; err=Bad address raddr=0x106 size=164
copy_proc_mem: Failed to copy zfunc; err=Bad address raddr=0x100000000 size=164
copy_proc_mem: Failed to copy zfunc; err=Bad address raddr=0x100000000 size=164
copy_proc_mem: Failed to copy zfunc; err=Bad address raddr=0x200000000 size=164
copy_proc_mem: Failed to copy zfunc; err=Bad address raddr=0x100000006 size=164
copy_proc_mem: Not copying zfunc; raddr is NULL
copy_proc_mem: Failed to copy zfunc; err=Bad address raddr=0x4 size=164
copy_proc_mem: Failed to copy zfunc; err=Bad address raddr=0x307 size=164
copy_proc_mem: Not copying zfunc; raddr is NULL
copy_proc_mem: Failed to copy zfunc; err=Bad address raddr=0x307 size=164
copy_proc_mem: Failed to copy zfunc; err=Bad address raddr=0x559f00000307 size=164
copy_proc_mem: Failed to copy zfunc; err=Bad address raddr=0x6 size=164
copy_proc_mem: Failed to copy zfunc; err=Bad address raddr=0x559f00000004 size=164
copy_proc_mem: Failed to copy zfunc; err=Bad address raddr=0x10a size=164
copy_proc_mem: Failed to copy zfunc; err=Bad address raddr=0x307 size=164
copy_proc_mem: Failed to copy zfunc; err=Bad address raddr=0x6 size=164
copy_proc_mem: Failed to copy zfunc; err=Bad address raddr=0x2b0000002b size=164
copy_proc_mem: Not copying zfunc; raddr is NULL
copy_proc_mem: Failed to copy zfunc; err=Bad address raddr=0x308 size=164
copy_proc_mem: Failed to copy zfunc; err=Bad address raddr=0x559f00000106 size=164
copy_proc_mem: Not copying zfunc; raddr is NULL
copy_proc_mem: Failed to copy zfunc; err=Bad address raddr=0x4 size=164
copy_proc_mem: Failed to copy zfunc; err=Bad address raddr=0x307 size=164
copy_proc_mem: Failed to copy zfunc; err=Bad address raddr=0x6 size=164
copy_proc_mem: Failed to copy zfunc; err=Bad address raddr=0x106 size=164
copy_proc_mem: Failed to copy zfunc; err=Bad address raddr=0x200000000 size=164
copy_proc_mem: Failed to copy zfunc; err=Bad address raddr=0x600000006 size=164
copy_proc_mem: Failed to copy zfunc; err=Bad address raddr=0x7f6900000006 size=164
copy_proc_mem: Failed to copy zfunc; err=Bad address raddr=0x106 size=164
copy_proc_mem: Failed to copy execute_data; err=Bad address raddr=0x4 size=64
copy_proc_mem: Failed to copy zfunc; err=Bad address raddr=0x559f00000000 size=164
copy_proc_mem: Failed to copy zfunc; err=Bad address raddr=0x1 size=164
copy_proc_mem: Failed to copy zfunc; err=Bad address raddr=0x20000010a size=164
copy_proc_mem: Failed to copy zfunc; err=Bad address raddr=0x559f0000010a size=164
copy_proc_mem: Failed to copy zfunc; err=Bad address raddr=0x657a6974696e6173 size=164
copy_proc_mem: Not copying zfunc; raddr is NULL
copy_proc_mem: Failed to copy zfunc; err=Bad address raddr=0x10a size=164
copy_proc_mem: Not copying zfunc; raddr is NULL
copy_proc_mem: Not copying zfunc; raddr is NULL
copy_proc_mem: Failed to copy zfunc; err=Bad address raddr=0x110308 size=164
copy_proc_mem: Failed to copy zfunc; err=Bad address raddr=0x559f00000006 size=164
copy_proc_mem: Failed to copy zfunc; err=Bad address raddr=0x559f00000307 size=164
copy_proc_mem: Failed to copy zfunc; err=Bad address raddr=0x100000308 size=164
copy_proc_mem: Not copying zfunc; raddr is NULL
copy_proc_mem: Failed to copy zfunc; err=Bad address raddr=0x200000106 size=164
copy_proc_mem: Failed to copy zfunc; err=Bad address raddr=0x10a size=164
copy_proc_mem: Not copying zfunc; raddr is NULL
copy_proc_mem: Failed to copy zfunc; err=Bad address raddr=0x106 size=164
copy_proc_mem: Failed to copy zfunc; err=Bad address raddr=0x7 size=164
copy_proc_mem: Failed to copy zfunc; err=Bad address raddr=0x7 size=164
copy_proc_mem: Failed to copy zfunc; err=Bad address raddr=0x559f00000003 size=164
copy_proc_mem: Failed to copy zfunc; err=Bad address raddr=0x100000002 size=164
copy_proc_mem: Failed to copy zfunc; err=Bad address raddr=0x106 size=164
copy_proc_mem: Failed to copy zfunc; err=Bad address raddr=0x4 size=164
copy_proc_mem: Not copying zfunc; raddr is NULL
copy_proc_mem: Failed to copy zfunc; err=Bad address raddr=0x6 size=164
copy_proc_mem: Failed to copy zfunc; err=Bad address raddr=0x559f00000000 size=164
copy_proc_mem: Not copying zfunc; raddr is NULL
copy_proc_mem: Failed to copy zfunc; err=Bad address raddr=0x559f00000000 size=164
copy_proc_mem: Failed to copy zfunc; err=Bad address raddr=0x65686361635f6d75 size=164
copy_proc_mem: Failed to copy zfunc; err=Bad address raddr=0x6 size=164
copy_proc_mem: Not copying zfunc; raddr is NULL
copy_proc_mem: Failed to copy zfunc; err=Bad address raddr=0x559f00000001 size=164
copy_proc_mem: Failed to copy zfunc; err=Bad address raddr=0x7 size=164
copy_proc_mem: Failed to copy zfunc; err=Bad address raddr=0x307 size=164
copy_proc_mem: Failed to copy zfunc; err=Bad address raddr=0x735f6e6f69746361 size=164
copy_proc_mem: Failed to copy zfunc; err=Bad address raddr=0x308 size=164
copy_proc_mem: Failed to copy zfunc; err=Bad address raddr=0x106 size=164
copy_proc_mem: Failed to copy zfunc; err=Bad address raddr=0xc size=164
copy_proc_mem: Failed to copy zfunc; err=Bad address raddr=0x10000010a size=164
copy_proc_mem: Not copying zfunc; raddr is NULL
copy_proc_mem: Failed to copy zfunc; err=Bad address raddr=0x307 size=164
copy_proc_mem: Failed to copy zfunc; err=Bad address raddr=0x400000000 size=164
copy_proc_mem: Failed to copy zfunc; err=Bad address raddr=0x100000000 size=164
copy_proc_mem: Failed to copy zfunc; err=Bad address raddr=0x559f00000000 size=164
copy_proc_mem: Not copying zfunc; raddr is NULL
copy_proc_mem: Failed to copy zfunc; err=Bad address raddr=0x1 size=164
copy_proc_mem: Failed to copy zfunc; err=Bad address raddr=0x559f00000307 size=164
copy_proc_mem: Failed to copy zfunc; err=Bad address raddr=0x10000000c size=164
copy_proc_mem: Failed to copy zfunc; err=Bad address raddr=0x559f00000000 size=164
copy_proc_mem: Failed to copy zfunc; err=Bad address raddr=0x4 size=164
copy_proc_mem: Not copying zfunc; raddr is NULL
copy_proc_mem: Failed to copy zfunc; err=Bad address raddr=0x559f0000000c size=164
copy_proc_mem: Failed to copy zfunc; err=Bad address raddr=0x6 size=164
copy_proc_mem: Failed to copy zfunc; err=Bad address raddr=0x559f00000000 size=164
copy_proc_mem: Not copying zfunc; raddr is NULL
copy_proc_mem: Failed to copy zfunc; err=Bad address raddr=0x559f0000010a size=164
copy_proc_mem: Failed to copy zce; err=Bad address raddr=0xd size=16
copy_proc_mem: Failed to copy zfunc; err=Bad address raddr=0x2 size=164
copy_proc_mem: Failed to copy zfunc; err=Bad address raddr=0x6 size=164
copy_proc_mem: Not copying zfunc; raddr is NULL
copy_proc_mem: Failed to copy zfunc; err=Bad address raddr=0x307 size=164
copy_proc_mem: Not copying zfunc; raddr is NULL
copy_proc_mem: Failed to copy zfunc; err=Bad address raddr=0x559f00000000 size=164
copy_proc_mem: Failed to copy zfunc; err=Bad address raddr=0x10a size=164
copy_proc_mem: Not copying zfunc; raddr is NULL
