copy_proc_mem: Failed to copy zfunc; err=Bad address raddr=0x559f00000001 size=164
copy_proc_mem: Failed to copy zfunc; err=Bad address raddr=0x559f00000004 size=164
copy_proc_mem: Failed to copy zfunc; err=Bad address raddr=0x106 size=164
copy_proc_mem: Not copying zfunc; raddr is NULL
copy_proc_mem: Failed to copy zfunc; err=Bad address raddr=0x10a size=164
copy_proc_mem: Failed to copy zfunc; err=Bad address raddr=0x300000000 size=164
copy_proc_mem: Failed to copy zfunc; err=Bad address raddr=0x7f6900000006 size=164
copy_proc_mem: Not copying zfunc; raddr is NULL
copy_proc_mem: Failed to copy zfunc; err=Bad address raddr=0x6e6f635f73657375 size=164
copy_proc_mem: Failed to copy zfunc; err=Bad address raddr=0x559f00000000 size=164
copy_proc_mem: Failed to copy zfunc; err=Bad address raddr=0x106 size=164
copy_proc_mem: Failed to copy zfunc; err=Bad address raddr=0x726f662074736f50 size=164
copy_proc_mem: Failed to copy zfunc; err=Bad address raddr=0x6 size=164
copy_proc_mem: Not copying zfunc; raddr is NULL
copy_proc_mem: Failed to copy zfunc; err=Bad address raddr=0x7 size=164
copy_proc_mem: Failed to copy zfunc; err=Bad address raddr=0x200000002 size=164
copy_proc_mem: Failed to copy zfunc; err=Bad address raddr=0x10a size=164
copy_proc_mem: Failed to copy zfunc; err=Bad address raddr=0x746e6972705f7077 size=164
copy_proc_mem: Failed to copy zfunc; err=Bad address raddr=0x559f0000010a size=164
copy_proc_mem: Failed to copy zfunc; err=Bad address raddr=0x106 size=164
copy_proc_mem: Failed to copy zfunc; err=Bad address raddr=0x200000307 size=164
copy_proc_mem: Failed to copy zfunc; err=Bad address raddr=0x100200308 size=164
copy_proc_mem: Not copying zfunc; raddr is NULL
copy_proc_mem: Failed to copy class_name; err=Bad address raddr=0x8a08b4c10478b48 size=25
copy_proc_mem: Failed to copy zfunc; err=Bad address raddr=0x559f00000001 size=164
copy_proc_mem: Failed to copy zfunc; err=Bad address raddr=0x559f00000106 size=164
copy_proc_mem: Failed to copy zfunc; err=Bad address raddr=0x559f00000000 size=164
copy_proc_mem: Failed to copy zfunc; err=Bad address raddr=0x307 size=164
copy_proc_mem: Failed to copy zfunc; err=Bad address raddr=0x100000001 size=164
copy_proc_mem: Not copying zfunc; raddr is NULL
copy_proc_mem: Failed to copy zfunc; err=Bad address raddr=0x4 size=164
copy_proc_mem: Failed to copy zfunc; err=Bad address raddr=0x7 size=164
copy_proc_mem: Not copying zfunc; raddr is NULL
copy_proc_mem: Not copying zfunc; raddr is NULL
copy_proc_mem: Failed to copy zfunc; err=Bad address raddr=0x100000000 size=164
copy_proc_mem: Failed to copy zfunc; err=Bad address raddr=0x559f00000007 size=164
copy_proc_mem: Not copying zfunc; raddr is NULL
copy_proc_mem: Not copying zfunc; raddr is NULL
copy_proc_mem: Failed to copy zfunc; err=Bad address raddr=0x20746361746e6f43 size=164
copy_proc_mem: Failed to copy zfunc; err=Bad address raddr=0x559f00000000 size=164
copy_proc_mem: Failed to copy class_name; err=Bad address raddr=0x8a08b4c10478b48 size=25
copy_proc_mem: Failed to copy zfunc; err=Bad address raddr=0x6f707365722d7369 size=164
copy_proc_mem: Failed to copy zfunc; err=Bad address raddr=0x300000000 size=164
copy_proc_mem: Failed to copy zfunc; err=Bad address raddr=0x559f00000000 size=164
copy_proc_mem: Failed to copy zfunc; err=Bad address raddr=0x559f00000006 size=164
copy_proc_mem: Not copying zfunc; raddr is NULL
copy_proc_mem: Not copying zfunc; raddr is NULL
copy_proc_mem: Failed to copy zfunc; err=Bad address raddr=0x6d614e7373616c63 size=164
copy_proc_mem: Failed to copy zfunc; err=Bad address raddr=0x100000308 size=164
copy_proc_mem: Failed to copy zfunc; err=Bad address raddr=0x559f00000308 size=164
copy_proc_mem: Failed to copy zfunc; err=Bad address raddr=0x6 size=164
copy_proc_mem: Failed to copy zfunc; err=Bad address raddr=0x106 size=164
copy_proc_mem: Failed to copy zfunc; err=Bad address raddr=0x106 size=164
copy_proc_mem: Not copying zfunc; raddr is NULL
copy_proc_mem: Failed to copy zfunc; err=Bad address raddr=0x300080000 size=164
copy_proc_mem: Failed to copy zfunc; err=Bad address raddr=0x200000000 size=164
copy_proc_mem: Failed to copy zfunc; err=Bad address raddr=0x300080000 size=164
copy_proc_mem: Failed to copy zfunc; err=Bad address raddr=0x559f00000000 size=164
copy_proc_mem: Failed to copy zfunc; err=Bad address raddr=0x559f00000006 size=164
copy_proc_mem: Failed to copy zfunc; err=Bad address raddr=0x106 size=164
copy_proc_mem: Failed to copy zfunc; err=Bad address raddr=0x106 size=164
copy_proc_mem: Not copying zfunc; raddr is NULL
copy_proc_mem: Failed to copy zfunc; err=Bad address raddr=0x10a size=164
copy_proc_mem: Failed to copy zfunc; err=Bad address raddr=0x559f00000002 size=164
copy_proc_mem: Failed to copy zfunc; err=Bad address raddr=0x200000307 size=164
copy_proc_mem: Failed to copy zfunc; err=Bad address raddr=0x559f00000004 size=164
copy_proc_mem: Failed to copy zfunc; err=Bad address raddr=0x7 size=164
copy_proc_mem: Failed to copy zfunc; err=Bad address raddr=0x64697247 size=164
copy_proc_mem: Failed to copy zfunc; err=Bad address raddr=0x307 size=164
copy_proc_mem: Failed to copy zfunc; err=Bad address raddr=0x200000000 size=164
copy_proc_mem: Failed to copy zfunc; err=Bad address raddr=0x656c790023 size=164
copy_proc_mem: Failed to copy zfunc; err=Bad address raddr=0x559f00000004 size=164
copy_proc_mem: Failed to copy zfunc; err=Bad address raddr=0x3a7077202d2d213c size=164
copy_proc_mem: Failed to copy zfunc; err=Bad address raddr=0x559f00000307 size=164
copy_proc_mem: Failed to copy zfunc; err=Bad address raddr=0x10a size=164
copy_proc_mem: Failed to copy zfunc; err=Bad address raddr=0x559f00000000 size=164
copy_proc_mem: Not copying zfunc; raddr is NULL
copy_proc_mem: Failed to copy zfunc; err=Bad address raddr=0x200000000 size=164
copy_proc_mem: Failed to copy zfunc; err=Bad address raddr=0x7669643c0909090a size=164
copy_proc_mem: Failed to copy zfunc; err=Bad address raddr=0x1 size=164
copy_proc_mem: Failed to copy zfunc; err=Bad address raddr=0x559f00000000 size=164
copy_proc_mem: Failed to copy zfunc; err=Bad address raddr=0x559f00000000 size=164
copy_proc_mem: Failed to copy class_name; err=Bad address raddr=0x8a08b4c10478b48 size=25
copy_proc_mem: Failed to copy execute_data; err=Bad address raddr=0x2 size=64
copy_proc_mem: Failed to copy zfunc; err=Bad address raddr=0x9000078650023 size=164
copy_proc_mem: Not copying zfunc; raddr is NULL
copy_proc_mem: Failed to copy zfunc; err=Bad address raddr=0x559f00000002 size=164
copy_proc_mem: Failed to copy zfunc; err=Bad address raddr=0x559f00000000 size=164
copy_proc_mem: Failed to copy zfunc; err=Bad address raddr=0x559f00000000 size=164
copy_proc_mem: Failed to copy zfunc; err=Bad address raddr=0xc size=164
copy_proc_mem: Failed to copy zfunc; err=Bad address raddr=0x559f00000007 size=164
copy_proc_mem: Failed to copy zfunc; err=Bad address raddr=0x6 size=164
copy_proc_mem: Not copying zfunc; raddr is NULL
copy_proc_mem: Failed to copy zfunc; err=Bad address raddr=0x300000000 size=164
copy_proc_mem: Failed to copy zfunc; err=Bad address raddr=0x400000000 size=164
copy_proc_mem: Failed to copy zfunc; err=Bad address raddr=0x559f00000004 size=164
copy_proc_mem: Failed to copy zfunc; err=Bad address raddr=0x307 size=164
copy_proc_mem: Not copying zfunc; raddr is NULL
copy_proc_mem: Failed to copy zfunc; err=Bad address raddr=0x307 size=164
copy_proc_mem: Failed to copy zfunc; err=Bad address raddr=0x307 size=164
copy_proc_mem: Failed to copy zfunc; err=Bad address raddr=0x10a size=164
copy_proc_mem: Failed to copy zfunc; err=Bad address raddr=0x559f00000001 size=164
copy_proc_mem: Failed to copy zfunc; err=Bad address raddr=0x308 size=164
copy_proc_mem: Not copying zfunc; raddr is NULL
copy_proc_mem: Failed to copy zfunc; err=Bad address raddr=0x300000000 size=164
copy_proc_mem: Failed to copy zfunc; err=Bad address raddr=0x10a size=164
copy_proc_mem: Failed to copy zfunc; err=Bad address raddr=0x6 size=164
copy_proc_mem: Failed to copy zfunc; err=Bad address raddr=0x559f00000106 size=164
copy_proc_mem: Failed to copy zfunc; err=Bad address raddr=0x307 size=164
copy_proc_mem: Failed to copy zfunc; err=Bad address raddr=0x400000004 size=164
copy_proc_mem: Failed to copy zfunc; err=Bad address raddr=0x100000001 size=164
copy_proc_mem: Failed to copy zfunc; err=Bad address raddr=0x100000307 size=164
copy_proc_mem: Failed to copy zfunc; err=Bad address raddr=0x559f00000001 size=164
copy_proc_mem: Failed to copy zfunc; err=Bad address raddr=0x559f00000000 size=164
copy_proc_mem: Failed to copy zfunc; err=Bad address raddr=0x106 size=164
copy_proc_mem: Failed to copy zfunc; err=Bad address raddr=0x7 size=164
copy_proc_mem: Not copying zfunc; raddr is NULL
copy_proc_mem: Failed to copy zfunc; err=Bad address raddr=0x308 size=164
copy_proc_mem: Failed to copy zfunc; err=Bad address raddr=0x559f00000000 size=164
copy_proc_mem: Failed to copy zfunc; err=Bad address raddr=0x7 size=164
copy_proc_mem: Failed to copy zfunc; err=Bad address raddr=0x559f00000004 size=164
copy_proc_mem: Failed to copy zfunc; err=Bad address raddr=0x7 size=164
copy_proc_mem: Not copying zfunc; raddr is NULL
copy_proc_mem: Not copying zfunc; raddr is NULL
copy_proc_mem: Failed to copy zfunc; err=Bad address raddr=0x300000307 size=164
copy_proc_mem: Failed to copy zfunc; err=Bad address raddr=0x559f00000000 size=164
copy_proc_mem: Failed to copy zfunc; err=Bad address raddr=0x10a size=164
copy_proc_mem: Failed to copy zfunc; err=Bad address raddr=0x7 size=164
copy_proc_mem: Failed to copy zfunc; err=Bad address raddr=0x300000000 size=164
copy_proc_mem: Failed to copy execute_data; err=Bad address raddr=0x2 size=64
copy_proc_mem: Not copying zfunc; raddr is NULL
copy_proc_mem: Failed to copy zfunc; err=Bad address raddr=0x6 size=164
copy_proc_mem: Failed to copy zfunc; err=Bad address raddr=0x100000308 size=164
copy_proc_mem: Not copying zfunc; raddr is NULL
copy_proc_mem: Failed to copy zfunc; err=Bad address raddr=0x308 size=164
copy_proc_mem: Failed to copy zfunc; err=Bad address raddr=0x3635633766383432 size=164
copy_proc_mem: Failed to copy zfunc; err=Bad address raddr=0x100000000 size=164
copy_proc_mem: Failed to copy zfunc; err=Bad address raddr=0x10a size=164
copy_proc_mem: Not copying zfunc; raddr is NULL
copy_proc_mem: Failed to copy zfunc; err=Bad address raddr=0x559f00000002 size=164
copy_proc_mem: Failed to copy zfunc; err=Bad address raddr=0x200000000 size=164
copy_proc_mem: Failed to copy zfunc; err=Bad address raddr=0x559f00000307 size=164
copy_proc_mem: Failed to copy zfunc; err=Bad address raddr=0x74786574746567 size=164
copy_proc_mem: Failed to copy execute_data; err=Bad address raddr=0x2 size=64
copy_proc_mem: Failed to copy zfunc; err=Bad address raddr=0x200000000 size=164
copy_proc_mem: Failed to copy zfunc; err=Bad address raddr=0x559f00000000 size=164
copy_proc_mem: Failed to copy zfunc; err=Bad address raddr=0x735f6e6f6974706f size=164
copy_proc_mem: Failed to copy zfunc; err=Bad address raddr=0x300000007 size=164
copy_proc_mem: Failed to copy zfunc; err=Bad address raddr=0x106 size=164
copy_proc_mem: Failed to copy zfunc; err=Bad address raddr=0x4 size=164
copy_proc_mem: Failed to copy zfunc; err=Bad address raddr=0x559f00000000 size=164
copy_proc_mem: Not copying zfunc; raddr is NULL
copy_proc_mem: Failed to copy zfunc; err=Bad address raddr=0x559f00000000 size=164
copy_proc_mem: Failed to copy zfunc; err=Bad address raddr=0x6 size=164
copy_proc_mem: Failed to copy zfunc; err=Bad address raddr=0x400080000 size=164
copy_proc_mem: Failed to copy zfunc; err=Bad address raddr=0x559f00000000 size=164
copy_proc_mem: Failed to copy zfunc; err=Bad address raddr=0x6 size=164
copy_proc_mem: Failed to copy zfunc; err=Bad address raddr=0x69737265765f7077 size=164
copy_proc_mem: Failed to copy zfunc; err=Bad address raddr=0x559f00000000 size=164
copy_proc_mem: Failed to copy zfunc; err=Bad address raddr=0x100000000 size=164
copy_proc_mem: Not copying zfunc; raddr is NULL
copy_proc_mem: Failed to copy zfunc; err=Bad address raddr=0x559f00000000 size=164
copy_proc_mem: Failed to copy zfunc; err=Bad address raddr=0x559f00000000 size=164
copy_proc_mem: Failed to copy zfunc; err=Bad address raddr=0x2 size=164
copy_proc_mem: Failed to copy zfunc; err=Bad address raddr=0x4 size=164
copy_proc_mem: Failed to copy zfunc; err=Bad address raddr=0x559f00000001 size=164
copy_proc_mem: Failed to copy zfunc; err=Bad address raddr=0x559f00000000 size=164
copy_proc_mem: Failed to copy zfunc; err=Bad address raddr=0x10a size=164
copy_proc_mem: Failed to copy zfunc; err=Bad address raddr=0x559f00000000 size=164
copy_proc_mem: Failed to copy zfunc; err=Bad address raddr=0x300000000 size=164
copy_proc_mem: Failed to copy zfunc; err=Bad address raddr=0x307 size=164
copy_proc_mem: Failed to copy zfunc; err=Bad address raddr=0x7 size=164
copy_proc_mem: Failed to copy zfunc; err=Bad address raddr=0x200000307 size=164
copy_proc_mem: Failed to copy zfunc; err=Bad address raddr=0x559f00000000 size=164
copy_proc_mem: Not copying zfunc; raddr is NULL
copy_proc_mem: Not copying zfunc; raddr is NULL
copy_proc_mem: Not copying zfunc; raddr is NULL
copy_proc_mem: Failed to copy zfunc; err=Bad address raddr=0x6 size=164
copy_proc_mem: Not copying zfunc; raddr is NULL
